source: |-
  (
      (let t "hello world")
      (format t)
  )

input: |-

machine_code:
  0x0 0xd NOP
  0x1 0x8000000b - string length
  0x2 0x68 NOP
  0x3 0x65 NOP
  0x4 0x6c NOP
  0x5 0x6c NOP
  0x6 0x6f NOP
  0x7 0x20 NOP
  0x8 0x77 NOP
  0x9 0x6f NOP
  0xa 0x72 NOP
  0xb 0x6c NOP
  0xc 0x64 NOP
  0xd 0x19000000 DI
  0xe 0x8000000 PUSH #0x0
  0xf 0x17200001 MOV #0x0 [ 0x1 ]
  0x10 0x1430001f LSR #0x0 0x1f
  0x11 0x16300001 CMP #0x0 0x1
  0x12 0x4300016 BEQ 0x16
  0x13 0xa280001 LOAD #0x8 [ 0x1 ]
  0x14 0x7000000 OUT
  0x15 0x2300020 JMP 0x20
  0x16 0x1d000000 STR
  0x17 0x8000001 PUSH #0x1
  0x18 0x17310002 MOV #0x1 0x2
  0x19 0x1631000d CMP #0x1 0xd
  0x1a 0x430001f BEQ 0x1f
  0x1b 0x17180001 MOV #0x8 [ #0x1 ]
  0x1c 0x7000000 OUT
  0x1d 0x1b000001 INC #0x1
  0x1e 0x2300019 JMP 0x19
  0x1f 0x9000001 POP #0x1
  0x20 0x9000000 POP #0x0
  0x21 0x1a000000 EI
  0x22 0x1f000000 HALT

output: |
  hello world

log: |
  DEBUG:root: tick:     0, AC:        0, AR:        0, DR:        0, PC:      0xd, rax:        0, rcx:        0, rdx:        0, rbx:        0, rsp:     4000, sbp:        0, rsi:        0, rdi:        0, rio:        0,  interrupt: IOState.Unlock, buffer:        0, p : False, z: False
  DEBUG:root: tick:     1, AC:        0, AR:        0, DR:        0, PC:      0xd, rax:        0, rcx:        0, rdx:        0, rbx:        0, rsp:     4000, sbp:        0, rsi:        0, rdi:        0, rio:        0,  interrupt: IOState.Unlock, buffer:        0, p : False, z: False
  DEBUG:root: tick:     4, AC:     3999, AR:        4, DR:        0, PC:      0xe, rax:        0, rcx:        0, rdx:        0, rbx:        0, rsp:     3999, sbp:        0, rsi:        0, rdi:        0, rio:        0,  interrupt: IOState.Unlock, buffer:        0, p :  True, z: False
  DEBUG:root: tick:     5, AC: 2147483659, AR:        0, DR: 2147483659, PC:      0xf, rax: 2147483659, rcx:        0, rdx:        0, rbx:        0, rsp:     3999, sbp:        0, rsi:        0, rdi:        0, rio:        0,  interrupt: IOState.Unlock, buffer:        0, p :  True, z: False
  DEBUG:root: tick:     7, AC:        1, AR:        0, DR:       31, PC:     0x10, rax:        1, rcx:        0, rdx:        0, rbx:        0, rsp:     3999, sbp:        0, rsi:        0, rdi:        0, rio:        0,  interrupt: IOState.Unlock, buffer:        0, p :  True, z: False
  DEBUG:root: tick:     8, AC:        0, AR:        1, DR:        1, PC:     0x11, rax:        1, rcx:        0, rdx:        0, rbx:        0, rsp:     3999, sbp:        0, rsi:        0, rdi:        0, rio:        0,  interrupt: IOState.Unlock, buffer:        0, p : False, z:  True
  DEBUG:root: tick:     9, AC:        0, AR:        1, DR:       22, PC:     0x15, rax:        1, rcx:        0, rdx:        0, rbx:        0, rsp:     3999, sbp:        0, rsi:        0, rdi:        0, rio:        0,  interrupt: IOState.Unlock, buffer:        0, p : False, z:  True
  DEBUG:root: tick:     9, AC:        0, AR:        1, DR:       22, PC:     0x16, rax:        1, rcx:        0, rdx:        0, rbx:        0, rsp:     3999, sbp:        0, rsi:        0, rdi:        0, rio:        0,  interrupt: IOState.Unlock, buffer:        0, p : False, z:  True
  DEBUG:root: tick:    10, AC:        0, AR:        1, DR:       22, PC:     0x16, rax:        1, rcx:        0, rdx:        0, rbx:        0, rsp:     3999, sbp:        0, rsi:        0, rdi:        0, rio:        0,  interrupt: IOState.Unlock, buffer:        0, p : False, z:  True
  DEBUG:root: tick:    13, AC:     3998, AR:        4, DR:        0, PC:     0x17, rax:        1, rcx:        0, rdx:        0, rbx:        0, rsp:     3998, sbp:        0, rsi:        0, rdi:        0, rio:        0,  interrupt: IOState.Unlock, buffer:        0, p :  True, z: False
  DEBUG:root: tick:    14, AC:        2, AR:        1, DR:        2, PC:     0x18, rax:        1, rcx:        2, rdx:        0, rbx:        0, rsp:     3998, sbp:        0, rsi:        0, rdi:        0, rio:        0,  interrupt: IOState.Unlock, buffer:        0, p :  True, z: False
  DEBUG:root: tick:    15, AC:      -11, AR:        2, DR:       13, PC:     0x19, rax:        1, rcx:        2, rdx:        0, rbx:        0, rsp:     3998, sbp:        0, rsi:        0, rdi:        0, rio:        0,  interrupt: IOState.Unlock, buffer:        0, p : False, z: False
  DEBUG:root: tick:    16, AC:      -11, AR:        2, DR:       13, PC:     0x1a, rax:        1, rcx:        2, rdx:        0, rbx:        0, rsp:     3998, sbp:        0, rsi:        0, rdi:        0, rio:        0,  interrupt: IOState.Unlock, buffer:        0, p : False, z: False
  DEBUG:root: tick:    17, AC:      104, AR:        8, DR:      104, PC:     0x1b, rax:        1, rcx:        2, rdx:        0, rbx:        0, rsp:     3998, sbp:        0, rsi:        0, rdi:        0, rio:      104,  interrupt: IOState.Unlock, buffer:        0, p :  True, z: False
  DEBUG:root:Out: h
  DEBUG:root: tick:    18, AC:      104, AR:        8, DR:      104, PC:     0x1c, rax:        1, rcx:        2, rdx:        0, rbx:        0, rsp:     3998, sbp:        0, rsi:        0, rdi:        0, rio:      104,  interrupt: IOState.Unlock, buffer:        0, p :  True, z: False
  DEBUG:root: tick:    20, AC:        3, AR:        1, DR:      104, PC:     0x1d, rax:        3, rcx:        3, rdx:        0, rbx:        0, rsp:     3998, sbp:        0, rsi:        0, rdi:        0, rio:      104,  interrupt: IOState.Unlock, buffer:        0, p :  True, z: False
  DEBUG:root: tick:    21, AC:        3, AR:        1, DR:       25, PC:     0x18, rax:        3, rcx:        3, rdx:        0, rbx:        0, rsp:     3998, sbp:        0, rsi:        0, rdi:        0, rio:      104,  interrupt: IOState.Unlock, buffer:        0, p :  True, z: False
  DEBUG:root: tick:    22, AC:      -10, AR:        3, DR:       13, PC:     0x19, rax:        3, rcx:        3, rdx:        0, rbx:        0, rsp:     3998, sbp:        0, rsi:        0, rdi:        0, rio:      104,  interrupt: IOState.Unlock, buffer:        0, p : False, z: False
  DEBUG:root: tick:    23, AC:      -10, AR:        3, DR:       13, PC:     0x1a, rax:        3, rcx:        3, rdx:        0, rbx:        0, rsp:     3998, sbp:        0, rsi:        0, rdi:        0, rio:      104,  interrupt: IOState.Unlock, buffer:        0, p : False, z: False
  DEBUG:root: tick:    24, AC:      101, AR:        8, DR:      101, PC:     0x1b, rax:        3, rcx:        3, rdx:        0, rbx:        0, rsp:     3998, sbp:        0, rsi:        0, rdi:        0, rio:      101,  interrupt: IOState.Unlock, buffer:        0, p :  True, z: False
  DEBUG:root:Out: e
  DEBUG:root: tick:    25, AC:      101, AR:        8, DR:      101, PC:     0x1c, rax:        3, rcx:        3, rdx:        0, rbx:        0, rsp:     3998, sbp:        0, rsi:        0, rdi:        0, rio:      101,  interrupt: IOState.Unlock, buffer:        0, p :  True, z: False
  DEBUG:root: tick:    27, AC:        4, AR:        1, DR:      101, PC:     0x1d, rax:        4, rcx:        4, rdx:        0, rbx:        0, rsp:     3998, sbp:        0, rsi:        0, rdi:        0, rio:      101,  interrupt: IOState.Unlock, buffer:        0, p :  True, z: False
  DEBUG:root: tick:    28, AC:        4, AR:        1, DR:       25, PC:     0x18, rax:        4, rcx:        4, rdx:        0, rbx:        0, rsp:     3998, sbp:        0, rsi:        0, rdi:        0, rio:      101,  interrupt: IOState.Unlock, buffer:        0, p :  True, z: False
  DEBUG:root: tick:    29, AC:       -9, AR:        4, DR:       13, PC:     0x19, rax:        4, rcx:        4, rdx:        0, rbx:        0, rsp:     3998, sbp:        0, rsi:        0, rdi:        0, rio:      101,  interrupt: IOState.Unlock, buffer:        0, p : False, z: False
  DEBUG:root: tick:    30, AC:       -9, AR:        4, DR:       13, PC:     0x1a, rax:        4, rcx:        4, rdx:        0, rbx:        0, rsp:     3998, sbp:        0, rsi:        0, rdi:        0, rio:      101,  interrupt: IOState.Unlock, buffer:        0, p : False, z: False
  DEBUG:root: tick:    31, AC:      108, AR:        8, DR:      108, PC:     0x1b, rax:        4, rcx:        4, rdx:        0, rbx:        0, rsp:     3998, sbp:        0, rsi:        0, rdi:        0, rio:      108,  interrupt: IOState.Unlock, buffer:        0, p :  True, z: False
  DEBUG:root:Out: l
  DEBUG:root: tick:    32, AC:      108, AR:        8, DR:      108, PC:     0x1c, rax:        4, rcx:        4, rdx:        0, rbx:        0, rsp:     3998, sbp:        0, rsi:        0, rdi:        0, rio:      108,  interrupt: IOState.Unlock, buffer:        0, p :  True, z: False
  DEBUG:root: tick:    34, AC:        5, AR:        1, DR:      108, PC:     0x1d, rax:        5, rcx:        5, rdx:        0, rbx:        0, rsp:     3998, sbp:        0, rsi:        0, rdi:        0, rio:      108,  interrupt: IOState.Unlock, buffer:        0, p :  True, z: False
  DEBUG:root: tick:    35, AC:        5, AR:        1, DR:       25, PC:     0x18, rax:        5, rcx:        5, rdx:        0, rbx:        0, rsp:     3998, sbp:        0, rsi:        0, rdi:        0, rio:      108,  interrupt: IOState.Unlock, buffer:        0, p :  True, z: False
  DEBUG:root: tick:    36, AC:       -8, AR:        5, DR:       13, PC:     0x19, rax:        5, rcx:        5, rdx:        0, rbx:        0, rsp:     3998, sbp:        0, rsi:        0, rdi:        0, rio:      108,  interrupt: IOState.Unlock, buffer:        0, p : False, z: False
  DEBUG:root: tick:    37, AC:       -8, AR:        5, DR:       13, PC:     0x1a, rax:        5, rcx:        5, rdx:        0, rbx:        0, rsp:     3998, sbp:        0, rsi:        0, rdi:        0, rio:      108,  interrupt: IOState.Unlock, buffer:        0, p : False, z: False
  DEBUG:root: tick:    38, AC:      108, AR:        8, DR:      108, PC:     0x1b, rax:        5, rcx:        5, rdx:        0, rbx:        0, rsp:     3998, sbp:        0, rsi:        0, rdi:        0, rio:      108,  interrupt: IOState.Unlock, buffer:        0, p :  True, z: False
  DEBUG:root:Out: l
  DEBUG:root: tick:    39, AC:      108, AR:        8, DR:      108, PC:     0x1c, rax:        5, rcx:        5, rdx:        0, rbx:        0, rsp:     3998, sbp:        0, rsi:        0, rdi:        0, rio:      108,  interrupt: IOState.Unlock, buffer:        0, p :  True, z: False
  DEBUG:root: tick:    41, AC:        6, AR:        1, DR:      108, PC:     0x1d, rax:        6, rcx:        6, rdx:        0, rbx:        0, rsp:     3998, sbp:        0, rsi:        0, rdi:        0, rio:      108,  interrupt: IOState.Unlock, buffer:        0, p :  True, z: False
  DEBUG:root: tick:    42, AC:        6, AR:        1, DR:       25, PC:     0x18, rax:        6, rcx:        6, rdx:        0, rbx:        0, rsp:     3998, sbp:        0, rsi:        0, rdi:        0, rio:      108,  interrupt: IOState.Unlock, buffer:        0, p :  True, z: False
  DEBUG:root: tick:    43, AC:       -7, AR:        6, DR:       13, PC:     0x19, rax:        6, rcx:        6, rdx:        0, rbx:        0, rsp:     3998, sbp:        0, rsi:        0, rdi:        0, rio:      108,  interrupt: IOState.Unlock, buffer:        0, p : False, z: False
  DEBUG:root: tick:    44, AC:       -7, AR:        6, DR:       13, PC:     0x1a, rax:        6, rcx:        6, rdx:        0, rbx:        0, rsp:     3998, sbp:        0, rsi:        0, rdi:        0, rio:      108,  interrupt: IOState.Unlock, buffer:        0, p : False, z: False
  DEBUG:root: tick:    45, AC:      111, AR:        8, DR:      111, PC:     0x1b, rax:        6, rcx:        6, rdx:        0, rbx:        0, rsp:     3998, sbp:        0, rsi:        0, rdi:        0, rio:      111,  interrupt: IOState.Unlock, buffer:        0, p :  True, z: False
  DEBUG:root:Out: o
  DEBUG:root: tick:    46, AC:      111, AR:        8, DR:      111, PC:     0x1c, rax:        6, rcx:        6, rdx:        0, rbx:        0, rsp:     3998, sbp:        0, rsi:        0, rdi:        0, rio:      111,  interrupt: IOState.Unlock, buffer:        0, p :  True, z: False
  DEBUG:root: tick:    48, AC:        7, AR:        1, DR:      111, PC:     0x1d, rax:        7, rcx:        7, rdx:        0, rbx:        0, rsp:     3998, sbp:        0, rsi:        0, rdi:        0, rio:      111,  interrupt: IOState.Unlock, buffer:        0, p :  True, z: False
  DEBUG:root: tick:    49, AC:        7, AR:        1, DR:       25, PC:     0x18, rax:        7, rcx:        7, rdx:        0, rbx:        0, rsp:     3998, sbp:        0, rsi:        0, rdi:        0, rio:      111,  interrupt: IOState.Unlock, buffer:        0, p :  True, z: False
  DEBUG:root: tick:    50, AC:       -6, AR:        7, DR:       13, PC:     0x19, rax:        7, rcx:        7, rdx:        0, rbx:        0, rsp:     3998, sbp:        0, rsi:        0, rdi:        0, rio:      111,  interrupt: IOState.Unlock, buffer:        0, p : False, z: False
  DEBUG:root: tick:    51, AC:       -6, AR:        7, DR:       13, PC:     0x1a, rax:        7, rcx:        7, rdx:        0, rbx:        0, rsp:     3998, sbp:        0, rsi:        0, rdi:        0, rio:      111,  interrupt: IOState.Unlock, buffer:        0, p : False, z: False
  DEBUG:root: tick:    52, AC:       32, AR:        8, DR:       32, PC:     0x1b, rax:        7, rcx:        7, rdx:        0, rbx:        0, rsp:     3998, sbp:        0, rsi:        0, rdi:        0, rio:       32,  interrupt: IOState.Unlock, buffer:        0, p :  True, z: False
  DEBUG:root:Out:  
  DEBUG:root: tick:    53, AC:       32, AR:        8, DR:       32, PC:     0x1c, rax:        7, rcx:        7, rdx:        0, rbx:        0, rsp:     3998, sbp:        0, rsi:        0, rdi:        0, rio:       32,  interrupt: IOState.Unlock, buffer:        0, p :  True, z: False
  DEBUG:root: tick:    55, AC:        8, AR:        1, DR:       32, PC:     0x1d, rax:        8, rcx:        8, rdx:        0, rbx:        0, rsp:     3998, sbp:        0, rsi:        0, rdi:        0, rio:       32,  interrupt: IOState.Unlock, buffer:        0, p :  True, z: False
  DEBUG:root: tick:    56, AC:        8, AR:        1, DR:       25, PC:     0x18, rax:        8, rcx:        8, rdx:        0, rbx:        0, rsp:     3998, sbp:        0, rsi:        0, rdi:        0, rio:       32,  interrupt: IOState.Unlock, buffer:        0, p :  True, z: False
  DEBUG:root: tick:    57, AC:       -5, AR:        8, DR:       13, PC:     0x19, rax:        8, rcx:        8, rdx:        0, rbx:        0, rsp:     3998, sbp:        0, rsi:        0, rdi:        0, rio:       32,  interrupt: IOState.Unlock, buffer:        0, p : False, z: False
  DEBUG:root: tick:    58, AC:       -5, AR:        8, DR:       13, PC:     0x1a, rax:        8, rcx:        8, rdx:        0, rbx:        0, rsp:     3998, sbp:        0, rsi:        0, rdi:        0, rio:       32,  interrupt: IOState.Unlock, buffer:        0, p : False, z: False
  DEBUG:root: tick:    59, AC:      119, AR:        8, DR:      119, PC:     0x1b, rax:        8, rcx:        8, rdx:        0, rbx:        0, rsp:     3998, sbp:        0, rsi:        0, rdi:        0, rio:      119,  interrupt: IOState.Unlock, buffer:        0, p :  True, z: False
  DEBUG:root:Out: w
  DEBUG:root: tick:    60, AC:      119, AR:        8, DR:      119, PC:     0x1c, rax:        8, rcx:        8, rdx:        0, rbx:        0, rsp:     3998, sbp:        0, rsi:        0, rdi:        0, rio:      119,  interrupt: IOState.Unlock, buffer:        0, p :  True, z: False
  DEBUG:root: tick:    62, AC:        9, AR:        1, DR:      119, PC:     0x1d, rax:        9, rcx:        9, rdx:        0, rbx:        0, rsp:     3998, sbp:        0, rsi:        0, rdi:        0, rio:      119,  interrupt: IOState.Unlock, buffer:        0, p :  True, z: False
  DEBUG:root: tick:    63, AC:        9, AR:        1, DR:       25, PC:     0x18, rax:        9, rcx:        9, rdx:        0, rbx:        0, rsp:     3998, sbp:        0, rsi:        0, rdi:        0, rio:      119,  interrupt: IOState.Unlock, buffer:        0, p :  True, z: False
  DEBUG:root: tick:    64, AC:       -4, AR:        9, DR:       13, PC:     0x19, rax:        9, rcx:        9, rdx:        0, rbx:        0, rsp:     3998, sbp:        0, rsi:        0, rdi:        0, rio:      119,  interrupt: IOState.Unlock, buffer:        0, p : False, z: False
  DEBUG:root: tick:    65, AC:       -4, AR:        9, DR:       13, PC:     0x1a, rax:        9, rcx:        9, rdx:        0, rbx:        0, rsp:     3998, sbp:        0, rsi:        0, rdi:        0, rio:      119,  interrupt: IOState.Unlock, buffer:        0, p : False, z: False
  DEBUG:root: tick:    66, AC:      111, AR:        8, DR:      111, PC:     0x1b, rax:        9, rcx:        9, rdx:        0, rbx:        0, rsp:     3998, sbp:        0, rsi:        0, rdi:        0, rio:      111,  interrupt: IOState.Unlock, buffer:        0, p :  True, z: False
  DEBUG:root:Out: o
  DEBUG:root: tick:    67, AC:      111, AR:        8, DR:      111, PC:     0x1c, rax:        9, rcx:        9, rdx:        0, rbx:        0, rsp:     3998, sbp:        0, rsi:        0, rdi:        0, rio:      111,  interrupt: IOState.Unlock, buffer:        0, p :  True, z: False
  DEBUG:root: tick:    69, AC:       10, AR:        1, DR:      111, PC:     0x1d, rax:       10, rcx:       10, rdx:        0, rbx:        0, rsp:     3998, sbp:        0, rsi:        0, rdi:        0, rio:      111,  interrupt: IOState.Unlock, buffer:        0, p :  True, z: False
  DEBUG:root: tick:    70, AC:       10, AR:        1, DR:       25, PC:     0x18, rax:       10, rcx:       10, rdx:        0, rbx:        0, rsp:     3998, sbp:        0, rsi:        0, rdi:        0, rio:      111,  interrupt: IOState.Unlock, buffer:        0, p :  True, z: False
  DEBUG:root: tick:    71, AC:       -3, AR:       10, DR:       13, PC:     0x19, rax:       10, rcx:       10, rdx:        0, rbx:        0, rsp:     3998, sbp:        0, rsi:        0, rdi:        0, rio:      111,  interrupt: IOState.Unlock, buffer:        0, p : False, z: False
  DEBUG:root: tick:    72, AC:       -3, AR:       10, DR:       13, PC:     0x1a, rax:       10, rcx:       10, rdx:        0, rbx:        0, rsp:     3998, sbp:        0, rsi:        0, rdi:        0, rio:      111,  interrupt: IOState.Unlock, buffer:        0, p : False, z: False
  DEBUG:root: tick:    73, AC:      114, AR:        8, DR:      114, PC:     0x1b, rax:       10, rcx:       10, rdx:        0, rbx:        0, rsp:     3998, sbp:        0, rsi:        0, rdi:        0, rio:      114,  interrupt: IOState.Unlock, buffer:        0, p :  True, z: False
  DEBUG:root:Out: r
  DEBUG:root: tick:    74, AC:      114, AR:        8, DR:      114, PC:     0x1c, rax:       10, rcx:       10, rdx:        0, rbx:        0, rsp:     3998, sbp:        0, rsi:        0, rdi:        0, rio:      114,  interrupt: IOState.Unlock, buffer:        0, p :  True, z: False
  DEBUG:root: tick:    76, AC:       11, AR:        1, DR:      114, PC:     0x1d, rax:       11, rcx:       11, rdx:        0, rbx:        0, rsp:     3998, sbp:        0, rsi:        0, rdi:        0, rio:      114,  interrupt: IOState.Unlock, buffer:        0, p :  True, z: False
  DEBUG:root: tick:    77, AC:       11, AR:        1, DR:       25, PC:     0x18, rax:       11, rcx:       11, rdx:        0, rbx:        0, rsp:     3998, sbp:        0, rsi:        0, rdi:        0, rio:      114,  interrupt: IOState.Unlock, buffer:        0, p :  True, z: False
  DEBUG:root: tick:    78, AC:       -2, AR:       11, DR:       13, PC:     0x19, rax:       11, rcx:       11, rdx:        0, rbx:        0, rsp:     3998, sbp:        0, rsi:        0, rdi:        0, rio:      114,  interrupt: IOState.Unlock, buffer:        0, p : False, z: False
  DEBUG:root: tick:    79, AC:       -2, AR:       11, DR:       13, PC:     0x1a, rax:       11, rcx:       11, rdx:        0, rbx:        0, rsp:     3998, sbp:        0, rsi:        0, rdi:        0, rio:      114,  interrupt: IOState.Unlock, buffer:        0, p : False, z: False
  DEBUG:root: tick:    80, AC:      108, AR:        8, DR:      108, PC:     0x1b, rax:       11, rcx:       11, rdx:        0, rbx:        0, rsp:     3998, sbp:        0, rsi:        0, rdi:        0, rio:      108,  interrupt: IOState.Unlock, buffer:        0, p :  True, z: False
  DEBUG:root:Out: l
  DEBUG:root: tick:    81, AC:      108, AR:        8, DR:      108, PC:     0x1c, rax:       11, rcx:       11, rdx:        0, rbx:        0, rsp:     3998, sbp:        0, rsi:        0, rdi:        0, rio:      108,  interrupt: IOState.Unlock, buffer:        0, p :  True, z: False
  DEBUG:root: tick:    83, AC:       12, AR:        1, DR:      108, PC:     0x1d, rax:       12, rcx:       12, rdx:        0, rbx:        0, rsp:     3998, sbp:        0, rsi:        0, rdi:        0, rio:      108,  interrupt: IOState.Unlock, buffer:        0, p :  True, z: False
  DEBUG:root: tick:    84, AC:       12, AR:        1, DR:       25, PC:     0x18, rax:       12, rcx:       12, rdx:        0, rbx:        0, rsp:     3998, sbp:        0, rsi:        0, rdi:        0, rio:      108,  interrupt: IOState.Unlock, buffer:        0, p :  True, z: False
  DEBUG:root: tick:    85, AC:       -1, AR:       12, DR:       13, PC:     0x19, rax:       12, rcx:       12, rdx:        0, rbx:        0, rsp:     3998, sbp:        0, rsi:        0, rdi:        0, rio:      108,  interrupt: IOState.Unlock, buffer:        0, p : False, z: False
  DEBUG:root: tick:    86, AC:       -1, AR:       12, DR:       13, PC:     0x1a, rax:       12, rcx:       12, rdx:        0, rbx:        0, rsp:     3998, sbp:        0, rsi:        0, rdi:        0, rio:      108,  interrupt: IOState.Unlock, buffer:        0, p : False, z: False
  DEBUG:root: tick:    87, AC:      100, AR:        8, DR:      100, PC:     0x1b, rax:       12, rcx:       12, rdx:        0, rbx:        0, rsp:     3998, sbp:        0, rsi:        0, rdi:        0, rio:      100,  interrupt: IOState.Unlock, buffer:        0, p :  True, z: False
  DEBUG:root:Out: d
  DEBUG:root: tick:    88, AC:      100, AR:        8, DR:      100, PC:     0x1c, rax:       12, rcx:       12, rdx:        0, rbx:        0, rsp:     3998, sbp:        0, rsi:        0, rdi:        0, rio:      100,  interrupt: IOState.Unlock, buffer:        0, p :  True, z: False
  DEBUG:root: tick:    90, AC:       13, AR:        1, DR:      100, PC:     0x1d, rax:       13, rcx:       13, rdx:        0, rbx:        0, rsp:     3998, sbp:        0, rsi:        0, rdi:        0, rio:      100,  interrupt: IOState.Unlock, buffer:        0, p :  True, z: False
  DEBUG:root: tick:    91, AC:       13, AR:        1, DR:       25, PC:     0x18, rax:       13, rcx:       13, rdx:        0, rbx:        0, rsp:     3998, sbp:        0, rsi:        0, rdi:        0, rio:      100,  interrupt: IOState.Unlock, buffer:        0, p :  True, z: False
  DEBUG:root: tick:    92, AC:        0, AR:       13, DR:       13, PC:     0x19, rax:       13, rcx:       13, rdx:        0, rbx:        0, rsp:     3998, sbp:        0, rsi:        0, rdi:        0, rio:      100,  interrupt: IOState.Unlock, buffer:        0, p : False, z:  True
  DEBUG:root: tick:    93, AC:        0, AR:       13, DR:       31, PC:     0x1e, rax:       13, rcx:       13, rdx:        0, rbx:        0, rsp:     3998, sbp:        0, rsi:        0, rdi:        0, rio:      100,  interrupt: IOState.Unlock, buffer:        0, p : False, z:  True
  DEBUG:root: tick:    96, AC:     3999, AR:        4, DR:        0, PC:     0x1f, rax:       13, rcx:        0, rdx:        0, rbx:        0, rsp:     3999, sbp:        0, rsi:        0, rdi:        0, rio:      100,  interrupt: IOState.Unlock, buffer:        0, p :  True, z: False
  DEBUG:root: tick:    99, AC:     4000, AR:        4, DR:        0, PC:     0x20, rax:        0, rcx:        0, rdx:        0, rbx:        0, rsp:     4000, sbp:        0, rsi:        0, rdi:        0, rio:      100,  interrupt: IOState.Unlock, buffer:        0, p :  True, z: False
  DEBUG:root: tick:    99, AC:     4000, AR:        4, DR:        0, PC:     0x21, rax:        0, rcx:        0, rdx:        0, rbx:        0, rsp:     4000, sbp:        0, rsi:        0, rdi:        0, rio:      100,  interrupt: IOState.Lock, buffer:        0, p :  True, z: False
  DEBUG:root: tick:   100, AC:     4000, AR:        4, DR:        0, PC:     0x21, rax:        0, rcx:        0, rdx:        0, rbx:        0, rsp:     4000, sbp:        0, rsi:        0, rdi:        0, rio:      100,  interrupt: IOState.Lock, buffer:        0, p :  True, z: False
