source: |-
  (
    (let a 1)
    (let b 1)
    (let temp 0)
    (let ret 0)
    (
        while ( > 4000000 b )
        (
            ( set temp b)
            ( set b ( + (a b)) )
            ( set a temp )
            ( if ( = 0 ( mod (b 2)) ) (
                set ret ( + ( b ret ))
                )
            )
        )
    )
    (format ret)
  )

input: |

machine_code: |
  0x0 0x8 NOP
  0x1 0x1 NOP
  0x2 0x1 NOP
  0x3 0x0 NOP
  0x4 0x0 NOP
  0x5 0x3d0900 NOP
  0x6 0x0 NOP
  0x7 0x2 NOP
  0x8 0x8000002 PUSH #0x2
  0x9 0xa200005 LOAD #0x0 [ 0x5 ]
  0xa 0xa220002 LOAD #0x2 [ 0x2 ]
  0xb 0x16000002 CMP #0x0 #0x2
  0xc 0x530000f BGT 0xf
  0xd 0xa300000 LOAD #0x0 0x0
  0xe 0x2300010 JMP 0x10
  0xf 0xa300001 LOAD #0x0 0x1
  0x10 0x9000002 POP #0x2
  0x11 0x16300000 CMP #0x0 0x0
  0x12 0x430003a BEQ 0x3a
  0x13 0x8000002 PUSH #0x2
  0x14 0xa220002 LOAD #0x2 [ 0x2 ]
  0x15 0xb220003 STORE #0x2 [ 0x3 ]
  0x16 0x9000002 POP #0x2
  0x17 0x8000002 PUSH #0x2
  0x18 0xa200001 LOAD #0x0 [ 0x1 ]
  0x19 0xa220002 LOAD #0x2 [ 0x2 ]
  0x1a 0xc000002 ADD #0x0 #0x2
  0x1b 0x9000002 POP #0x2
  0x1c 0xb200002 STORE #0x0 [ 0x2 ]
  0x1d 0x8000002 PUSH #0x2
  0x1e 0xa220003 LOAD #0x2 [ 0x3 ]
  0x1f 0xb220001 STORE #0x2 [ 0x1 ]
  0x20 0x9000002 POP #0x2
  0x21 0x8000002 PUSH #0x2
  0x22 0xa200006 LOAD #0x0 [ 0x6 ]
  0x23 0x8000000 PUSH #0x0
  0x24 0x8000002 PUSH #0x2
  0x25 0xa200002 LOAD #0x0 [ 0x2 ]
  0x26 0xa220007 LOAD #0x2 [ 0x7 ]
  0x27 0x10000002 MOD #0x0 #0x2
  0x28 0x9000002 POP #0x2
  0x29 0x17020000 MOV #0x2 #0x0
  0x2a 0x9000000 POP #0x0
  0x2b 0x16000002 CMP #0x0 #0x2
  0x2c 0x430002f BEQ 0x2f
  0x2d 0xa300000 LOAD #0x0 0x0
  0x2e 0x2300030 JMP 0x30
  0x2f 0xa300001 LOAD #0x0 0x1
  0x30 0x9000002 POP #0x2
  0x31 0x16300000 CMP #0x0 0x0
  0x32 0x4300039 BEQ 0x39
  0x33 0x8000002 PUSH #0x2
  0x34 0xa200002 LOAD #0x0 [ 0x2 ]
  0x35 0xa220004 LOAD #0x2 [ 0x4 ]
  0x36 0xc000002 ADD #0x0 #0x2
  0x37 0x9000002 POP #0x2
  0x38 0xb200004 STORE #0x0 [ 0x4 ]
  0x39 0x2300008 JMP 0x8
  0x3a 0x19000000 DI
  0x3b 0x8000000 PUSH #0x0
  0x3c 0x17200004 MOV #0x0 [ 0x4 ]
  0x3d 0x1430001f LSR #0x0 0x1f
  0x3e 0x16300001 CMP #0x0 0x1
  0x3f 0x4300043 BEQ 0x43
  0x40 0xa280004 LOAD #0x8 [ 0x4 ]
  0x41 0x7000000 OUT
  0x42 0x230004d JMP 0x4d
  0x43 0x1d000000 STR
  0x44 0x8000001 PUSH #0x1
  0x45 0x17310005 MOV #0x1 0x5
  0x46 0x16310005 CMP #0x1 0x5
  0x47 0x430004c BEQ 0x4c
  0x48 0x17180001 MOV #0x8 [ #0x1 ]
  0x49 0x7000000 OUT
  0x4a 0x1b000001 INC #0x1
  0x4b 0x2300046 JMP 0x46
  0x4c 0x9000001 POP #0x1
  0x4d 0x9000000 POP #0x0
  0x4e 0x1a000000 EI
  0x4f 0x1f000000 HALT


output: |-
  hello world

log: |
  DEBUG    root:Datapath.py:84  tick:     1, AC:        0, AR:        0, DR:        0, PC:      0xd, rax:        0, rcx:        0, rdx:        0, rbx:        0, rsp:     4000, sbp:        0, rsi:        0, rdi:        0, rio:        0,  interrupt: IOState.Unlock, buffer:        0, p : False, z: False
  DEBUG    root:Datapath.py:84  tick:     4, AC:     3999, AR:        4, DR:        0, PC:      0xe, rax:        0, rcx:        0, rdx:        0, rbx:        0, rsp:     3999, sbp:        0, rsi:        0, rdi:        0, rio:        0,  interrupt: IOState.Unlock, buffer:        0, p :  True, z: False
  DEBUG    root:Datapath.py:84  tick:     5, AC: 2147483659, AR:        0, DR: 2147483659, PC:      0xf, rax: 2147483659, rcx:        0, rdx:        0, rbx:        0, rsp:     3999, sbp:        0, rsi:        0, rdi:        0, rio:        0,  interrupt: IOState.Unlock, buffer:        0, p :  True, z: False
  DEBUG    root:Datapath.py:84  tick:     7, AC:        1, AR:        0, DR:       31, PC:     0x10, rax:        1, rcx:        0, rdx:        0, rbx:        0, rsp:     3999, sbp:        0, rsi:        0, rdi:        0, rio:        0,  interrupt: IOState.Unlock, buffer:        0, p :  True, z: False
  DEBUG    root:Datapath.py:84  tick:     8, AC:        0, AR:        1, DR:        1, PC:     0x11, rax:        1, rcx:        0, rdx:        0, rbx:        0, rsp:     3999, sbp:        0, rsi:        0, rdi:        0, rio:        0,  interrupt: IOState.Unlock, buffer:        0, p : False, z:  True
  DEBUG    root:Datapath.py:84  tick:     9, AC:        0, AR:        1, DR:       22, PC:     0x15, rax:        1, rcx:        0, rdx:        0, rbx:        0, rsp:     3999, sbp:        0, rsi:        0, rdi:        0, rio:        0,  interrupt: IOState.Unlock, buffer:        0, p : False, z:  True
  DEBUG    root:Datapath.py:84  tick:    10, AC:        0, AR:        1, DR:       22, PC:     0x16, rax:        1, rcx:        0, rdx:        0, rbx:        0, rsp:     3999, sbp:        0, rsi:        0, rdi:        0, rio:        0,  interrupt: IOState.Unlock, buffer:        0, p : False, z:  True
  DEBUG    root:Datapath.py:84  tick:    13, AC:     3998, AR:        4, DR:        0, PC:     0x17, rax:        1, rcx:        0, rdx:        0, rbx:        0, rsp:     3998, sbp:        0, rsi:        0, rdi:        0, rio:        0,  interrupt: IOState.Unlock, buffer:        0, p :  True, z: False
  DEBUG    root:Datapath.py:84  tick:    14, AC:        2, AR:        1, DR:        2, PC:     0x18, rax:        1, rcx:        2, rdx:        0, rbx:        0, rsp:     3998, sbp:        0, rsi:        0, rdi:        0, rio:        0,  interrupt: IOState.Unlock, buffer:        0, p :  True, z: False
  DEBUG    root:Datapath.py:84  tick:    15, AC:      -11, AR:        2, DR:       13, PC:     0x19, rax:        1, rcx:        2, rdx:        0, rbx:        0, rsp:     3998, sbp:        0, rsi:        0, rdi:        0, rio:        0,  interrupt: IOState.Unlock, buffer:        0, p : False, z: False
  DEBUG    root:Datapath.py:84  tick:    16, AC:      -11, AR:        2, DR:       13, PC:     0x1a, rax:        1, rcx:        2, rdx:        0, rbx:        0, rsp:     3998, sbp:        0, rsi:        0, rdi:        0, rio:        0,  interrupt: IOState.Unlock, buffer:        0, p : False, z: False
  DEBUG    root:Datapath.py:84  tick:    17, AC:      104, AR:        8, DR:      104, PC:     0x1b, rax:        1, rcx:        2, rdx:        0, rbx:        0, rsp:     3998, sbp:        0, rsi:        0, rdi:        0, rio:      104,  interrupt: IOState.Unlock, buffer:        0, p :  True, z: False
  DEBUG    root:Components.py:244 Out: h
  DEBUG    root:Datapath.py:84  tick:    18, AC:      104, AR:        8, DR:      104, PC:     0x1c, rax:        1, rcx:        2, rdx:        0, rbx:        0, rsp:     3998, sbp:        0, rsi:        0, rdi:        0, rio:      104,  interrupt: IOState.Unlock, buffer:        0, p :  True, z: False
  DEBUG    root:Datapath.py:84  tick:    20, AC:        3, AR:        1, DR:      104, PC:     0x1d, rax:        3, rcx:        3, rdx:        0, rbx:        0, rsp:     3998, sbp:        0, rsi:        0, rdi:        0, rio:      104,  interrupt: IOState.Unlock, buffer:        0, p :  True, z: False
  DEBUG    root:Datapath.py:84  tick:    21, AC:        3, AR:        1, DR:       25, PC:     0x18, rax:        3, rcx:        3, rdx:        0, rbx:        0, rsp:     3998, sbp:        0, rsi:        0, rdi:        0, rio:      104,  interrupt: IOState.Unlock, buffer:        0, p :  True, z: False
  DEBUG    root:Datapath.py:84  tick:    22, AC:      -10, AR:        3, DR:       13, PC:     0x19, rax:        3, rcx:        3, rdx:        0, rbx:        0, rsp:     3998, sbp:        0, rsi:        0, rdi:        0, rio:      104,  interrupt: IOState.Unlock, buffer:        0, p : False, z: False
  DEBUG    root:Datapath.py:84  tick:    23, AC:      -10, AR:        3, DR:       13, PC:     0x1a, rax:        3, rcx:        3, rdx:        0, rbx:        0, rsp:     3998, sbp:        0, rsi:        0, rdi:        0, rio:      104,  interrupt: IOState.Unlock, buffer:        0, p : False, z: False
  DEBUG    root:Datapath.py:84  tick:    24, AC:      101, AR:        8, DR:      101, PC:     0x1b, rax:        3, rcx:        3, rdx:        0, rbx:        0, rsp:     3998, sbp:        0, rsi:        0, rdi:        0, rio:      101,  interrupt: IOState.Unlock, buffer:        0, p :  True, z: False
  DEBUG    root:Components.py:244 Out: e
  DEBUG    root:Datapath.py:84  tick:    25, AC:      101, AR:        8, DR:      101, PC:     0x1c, rax:        3, rcx:        3, rdx:        0, rbx:        0, rsp:     3998, sbp:        0, rsi:        0, rdi:        0, rio:      101,  interrupt: IOState.Unlock, buffer:        0, p :  True, z: False
  DEBUG    root:Datapath.py:84  tick:    27, AC:        4, AR:        1, DR:      101, PC:     0x1d, rax:        4, rcx:        4, rdx:        0, rbx:        0, rsp:     3998, sbp:        0, rsi:        0, rdi:        0, rio:      101,  interrupt: IOState.Unlock, buffer:        0, p :  True, z: False
  DEBUG    root:Datapath.py:84  tick:    28, AC:        4, AR:        1, DR:       25, PC:     0x18, rax:        4, rcx:        4, rdx:        0, rbx:        0, rsp:     3998, sbp:        0, rsi:        0, rdi:        0, rio:      101,  interrupt: IOState.Unlock, buffer:        0, p :  True, z: False
  DEBUG    root:Datapath.py:84  tick:    29, AC:       -9, AR:        4, DR:       13, PC:     0x19, rax:        4, rcx:        4, rdx:        0, rbx:        0, rsp:     3998, sbp:        0, rsi:        0, rdi:        0, rio:      101,  interrupt: IOState.Unlock, buffer:        0, p : False, z: False
  DEBUG    root:Datapath.py:84  tick:    30, AC:       -9, AR:        4, DR:       13, PC:     0x1a, rax:        4, rcx:        4, rdx:        0, rbx:        0, rsp:     3998, sbp:        0, rsi:        0, rdi:        0, rio:      101,  interrupt: IOState.Unlock, buffer:        0, p : False, z: False
  DEBUG    root:Datapath.py:84  tick:    31, AC:      108, AR:        8, DR:      108, PC:     0x1b, rax:        4, rcx:        4, rdx:        0, rbx:        0, rsp:     3998, sbp:        0, rsi:        0, rdi:        0, rio:      108,  interrupt: IOState.Unlock, buffer:        0, p :  True, z: False
  DEBUG    root:Components.py:244 Out: l
  DEBUG    root:Datapath.py:84  tick:    32, AC:      108, AR:        8, DR:      108, PC:     0x1c, rax:        4, rcx:        4, rdx:        0, rbx:        0, rsp:     3998, sbp:        0, rsi:        0, rdi:        0, rio:      108,  interrupt: IOState.Unlock, buffer:        0, p :  True, z: False
  DEBUG    root:Datapath.py:84  tick:    34, AC:        5, AR:        1, DR:      108, PC:     0x1d, rax:        5, rcx:        5, rdx:        0, rbx:        0, rsp:     3998, sbp:        0, rsi:        0, rdi:        0, rio:      108,  interrupt: IOState.Unlock, buffer:        0, p :  True, z: False
  DEBUG    root:Datapath.py:84  tick:    35, AC:        5, AR:        1, DR:       25, PC:     0x18, rax:        5, rcx:        5, rdx:        0, rbx:        0, rsp:     3998, sbp:        0, rsi:        0, rdi:        0, rio:      108,  interrupt: IOState.Unlock, buffer:        0, p :  True, z: False
  DEBUG    root:Datapath.py:84  tick:    36, AC:       -8, AR:        5, DR:       13, PC:     0x19, rax:        5, rcx:        5, rdx:        0, rbx:        0, rsp:     3998, sbp:        0, rsi:        0, rdi:        0, rio:      108,  interrupt: IOState.Unlock, buffer:        0, p : False, z: False
  DEBUG    root:Datapath.py:84  tick:    37, AC:       -8, AR:        5, DR:       13, PC:     0x1a, rax:        5, rcx:        5, rdx:        0, rbx:        0, rsp:     3998, sbp:        0, rsi:        0, rdi:        0, rio:      108,  interrupt: IOState.Unlock, buffer:        0, p : False, z: False
  DEBUG    root:Datapath.py:84  tick:    38, AC:      108, AR:        8, DR:      108, PC:     0x1b, rax:        5, rcx:        5, rdx:        0, rbx:        0, rsp:     3998, sbp:        0, rsi:        0, rdi:        0, rio:      108,  interrupt: IOState.Unlock, buffer:        0, p :  True, z: False
  DEBUG    root:Components.py:244 Out: l
  DEBUG    root:Datapath.py:84  tick:    39, AC:      108, AR:        8, DR:      108, PC:     0x1c, rax:        5, rcx:        5, rdx:        0, rbx:        0, rsp:     3998, sbp:        0, rsi:        0, rdi:        0, rio:      108,  interrupt: IOState.Unlock, buffer:        0, p :  True, z: False
  DEBUG    root:Datapath.py:84  tick:    41, AC:        6, AR:        1, DR:      108, PC:     0x1d, rax:        6, rcx:        6, rdx:        0, rbx:        0, rsp:     3998, sbp:        0, rsi:        0, rdi:        0, rio:      108,  interrupt: IOState.Unlock, buffer:        0, p :  True, z: False
  DEBUG    root:Datapath.py:84  tick:    42, AC:        6, AR:        1, DR:       25, PC:     0x18, rax:        6, rcx:        6, rdx:        0, rbx:        0, rsp:     3998, sbp:        0, rsi:        0, rdi:        0, rio:      108,  interrupt: IOState.Unlock, buffer:        0, p :  True, z: False
  DEBUG    root:Datapath.py:84  tick:    43, AC:       -7, AR:        6, DR:       13, PC:     0x19, rax:        6, rcx:        6, rdx:        0, rbx:        0, rsp:     3998, sbp:        0, rsi:        0, rdi:        0, rio:      108,  interrupt: IOState.Unlock, buffer:        0, p : False, z: False
  DEBUG    root:Datapath.py:84  tick:    44, AC:       -7, AR:        6, DR:       13, PC:     0x1a, rax:        6, rcx:        6, rdx:        0, rbx:        0, rsp:     3998, sbp:        0, rsi:        0, rdi:        0, rio:      108,  interrupt: IOState.Unlock, buffer:        0, p : False, z: False
  DEBUG    root:Datapath.py:84  tick:    45, AC:      111, AR:        8, DR:      111, PC:     0x1b, rax:        6, rcx:        6, rdx:        0, rbx:        0, rsp:     3998, sbp:        0, rsi:        0, rdi:        0, rio:      111,  interrupt: IOState.Unlock, buffer:        0, p :  True, z: False
  DEBUG    root:Components.py:244 Out: o
  DEBUG    root:Datapath.py:84  tick:    46, AC:      111, AR:        8, DR:      111, PC:     0x1c, rax:        6, rcx:        6, rdx:        0, rbx:        0, rsp:     3998, sbp:        0, rsi:        0, rdi:        0, rio:      111,  interrupt: IOState.Unlock, buffer:        0, p :  True, z: False
  DEBUG    root:Datapath.py:84  tick:    48, AC:        7, AR:        1, DR:      111, PC:     0x1d, rax:        7, rcx:        7, rdx:        0, rbx:        0, rsp:     3998, sbp:        0, rsi:        0, rdi:        0, rio:      111,  interrupt: IOState.Unlock, buffer:        0, p :  True, z: False
  DEBUG    root:Datapath.py:84  tick:    49, AC:        7, AR:        1, DR:       25, PC:     0x18, rax:        7, rcx:        7, rdx:        0, rbx:        0, rsp:     3998, sbp:        0, rsi:        0, rdi:        0, rio:      111,  interrupt: IOState.Unlock, buffer:        0, p :  True, z: False
  DEBUG    root:Datapath.py:84  tick:    50, AC:       -6, AR:        7, DR:       13, PC:     0x19, rax:        7, rcx:        7, rdx:        0, rbx:        0, rsp:     3998, sbp:        0, rsi:        0, rdi:        0, rio:      111,  interrupt: IOState.Unlock, buffer:        0, p : False, z: False
  DEBUG    root:Datapath.py:84  tick:    51, AC:       -6, AR:        7, DR:       13, PC:     0x1a, rax:        7, rcx:        7, rdx:        0, rbx:        0, rsp:     3998, sbp:        0, rsi:        0, rdi:        0, rio:      111,  interrupt: IOState.Unlock, buffer:        0, p : False, z: False
  DEBUG    root:Datapath.py:84  tick:    52, AC:       32, AR:        8, DR:       32, PC:     0x1b, rax:        7, rcx:        7, rdx:        0, rbx:        0, rsp:     3998, sbp:        0, rsi:        0, rdi:        0, rio:       32,  interrupt: IOState.Unlock, buffer:        0, p :  True, z: False
  DEBUG    root:Components.py:244 Out:  
  DEBUG    root:Datapath.py:84  tick:    53, AC:       32, AR:        8, DR:       32, PC:     0x1c, rax:        7, rcx:        7, rdx:        0, rbx:        0, rsp:     3998, sbp:        0, rsi:        0, rdi:        0, rio:       32,  interrupt: IOState.Unlock, buffer:        0, p :  True, z: False
  DEBUG    root:Datapath.py:84  tick:    55, AC:        8, AR:        1, DR:       32, PC:     0x1d, rax:        8, rcx:        8, rdx:        0, rbx:        0, rsp:     3998, sbp:        0, rsi:        0, rdi:        0, rio:       32,  interrupt: IOState.Unlock, buffer:        0, p :  True, z: False
  DEBUG    root:Datapath.py:84  tick:    56, AC:        8, AR:        1, DR:       25, PC:     0x18, rax:        8, rcx:        8, rdx:        0, rbx:        0, rsp:     3998, sbp:        0, rsi:        0, rdi:        0, rio:       32,  interrupt: IOState.Unlock, buffer:        0, p :  True, z: False
  DEBUG    root:Datapath.py:84  tick:    57, AC:       -5, AR:        8, DR:       13, PC:     0x19, rax:        8, rcx:        8, rdx:        0, rbx:        0, rsp:     3998, sbp:        0, rsi:        0, rdi:        0, rio:       32,  interrupt: IOState.Unlock, buffer:        0, p : False, z: False
  DEBUG    root:Datapath.py:84  tick:    58, AC:       -5, AR:        8, DR:       13, PC:     0x1a, rax:        8, rcx:        8, rdx:        0, rbx:        0, rsp:     3998, sbp:        0, rsi:        0, rdi:        0, rio:       32,  interrupt: IOState.Unlock, buffer:        0, p : False, z: False
  DEBUG    root:Datapath.py:84  tick:    59, AC:      119, AR:        8, DR:      119, PC:     0x1b, rax:        8, rcx:        8, rdx:        0, rbx:        0, rsp:     3998, sbp:        0, rsi:        0, rdi:        0, rio:      119,  interrupt: IOState.Unlock, buffer:        0, p :  True, z: False
  DEBUG    root:Components.py:244 Out: w
  DEBUG    root:Datapath.py:84  tick:    60, AC:      119, AR:        8, DR:      119, PC:     0x1c, rax:        8, rcx:        8, rdx:        0, rbx:        0, rsp:     3998, sbp:        0, rsi:        0, rdi:        0, rio:      119,  interrupt: IOState.Unlock, buffer:        0, p :  True, z: False
  DEBUG    root:Datapath.py:84  tick:    62, AC:        9, AR:        1, DR:      119, PC:     0x1d, rax:        9, rcx:        9, rdx:        0, rbx:        0, rsp:     3998, sbp:        0, rsi:        0, rdi:        0, rio:      119,  interrupt: IOState.Unlock, buffer:        0, p :  True, z: False
  DEBUG    root:Datapath.py:84  tick:    63, AC:        9, AR:        1, DR:       25, PC:     0x18, rax:        9, rcx:        9, rdx:        0, rbx:        0, rsp:     3998, sbp:        0, rsi:        0, rdi:        0, rio:      119,  interrupt: IOState.Unlock, buffer:        0, p :  True, z: False
  DEBUG    root:Datapath.py:84  tick:    64, AC:       -4, AR:        9, DR:       13, PC:     0x19, rax:        9, rcx:        9, rdx:        0, rbx:        0, rsp:     3998, sbp:        0, rsi:        0, rdi:        0, rio:      119,  interrupt: IOState.Unlock, buffer:        0, p : False, z: False
  DEBUG    root:Datapath.py:84  tick:    65, AC:       -4, AR:        9, DR:       13, PC:     0x1a, rax:        9, rcx:        9, rdx:        0, rbx:        0, rsp:     3998, sbp:        0, rsi:        0, rdi:        0, rio:      119,  interrupt: IOState.Unlock, buffer:        0, p : False, z: False
  DEBUG    root:Datapath.py:84  tick:    66, AC:      111, AR:        8, DR:      111, PC:     0x1b, rax:        9, rcx:        9, rdx:        0, rbx:        0, rsp:     3998, sbp:        0, rsi:        0, rdi:        0, rio:      111,  interrupt: IOState.Unlock, buffer:        0, p :  True, z: False
  DEBUG    root:Components.py:244 Out: o
  DEBUG    root:Datapath.py:84  tick:    67, AC:      111, AR:        8, DR:      111, PC:     0x1c, rax:        9, rcx:        9, rdx:        0, rbx:        0, rsp:     3998, sbp:        0, rsi:        0, rdi:        0, rio:      111,  interrupt: IOState.Unlock, buffer:        0, p :  True, z: False
  DEBUG    root:Datapath.py:84  tick:    69, AC:       10, AR:        1, DR:      111, PC:     0x1d, rax:       10, rcx:       10, rdx:        0, rbx:        0, rsp:     3998, sbp:        0, rsi:        0, rdi:        0, rio:      111,  interrupt: IOState.Unlock, buffer:        0, p :  True, z: False
  DEBUG    root:Datapath.py:84  tick:    70, AC:       10, AR:        1, DR:       25, PC:     0x18, rax:       10, rcx:       10, rdx:        0, rbx:        0, rsp:     3998, sbp:        0, rsi:        0, rdi:        0, rio:      111,  interrupt: IOState.Unlock, buffer:        0, p :  True, z: False
  DEBUG    root:Datapath.py:84  tick:    71, AC:       -3, AR:       10, DR:       13, PC:     0x19, rax:       10, rcx:       10, rdx:        0, rbx:        0, rsp:     3998, sbp:        0, rsi:        0, rdi:        0, rio:      111,  interrupt: IOState.Unlock, buffer:        0, p : False, z: False
  DEBUG    root:Datapath.py:84  tick:    72, AC:       -3, AR:       10, DR:       13, PC:     0x1a, rax:       10, rcx:       10, rdx:        0, rbx:        0, rsp:     3998, sbp:        0, rsi:        0, rdi:        0, rio:      111,  interrupt: IOState.Unlock, buffer:        0, p : False, z: False
  DEBUG    root:Datapath.py:84  tick:    73, AC:      114, AR:        8, DR:      114, PC:     0x1b, rax:       10, rcx:       10, rdx:        0, rbx:        0, rsp:     3998, sbp:        0, rsi:        0, rdi:        0, rio:      114,  interrupt: IOState.Unlock, buffer:        0, p :  True, z: False
  DEBUG    root:Components.py:244 Out: r
  DEBUG    root:Datapath.py:84  tick:    74, AC:      114, AR:        8, DR:      114, PC:     0x1c, rax:       10, rcx:       10, rdx:        0, rbx:        0, rsp:     3998, sbp:        0, rsi:        0, rdi:        0, rio:      114,  interrupt: IOState.Unlock, buffer:        0, p :  True, z: False
  DEBUG    root:Datapath.py:84  tick:    76, AC:       11, AR:        1, DR:      114, PC:     0x1d, rax:       11, rcx:       11, rdx:        0, rbx:        0, rsp:     3998, sbp:        0, rsi:        0, rdi:        0, rio:      114,  interrupt: IOState.Unlock, buffer:        0, p :  True, z: False
  DEBUG    root:Datapath.py:84  tick:    77, AC:       11, AR:        1, DR:       25, PC:     0x18, rax:       11, rcx:       11, rdx:        0, rbx:        0, rsp:     3998, sbp:        0, rsi:        0, rdi:        0, rio:      114,  interrupt: IOState.Unlock, buffer:        0, p :  True, z: False
  DEBUG    root:Datapath.py:84  tick:    78, AC:       -2, AR:       11, DR:       13, PC:     0x19, rax:       11, rcx:       11, rdx:        0, rbx:        0, rsp:     3998, sbp:        0, rsi:        0, rdi:        0, rio:      114,  interrupt: IOState.Unlock, buffer:        0, p : False, z: False
  DEBUG    root:Datapath.py:84  tick:    79, AC:       -2, AR:       11, DR:       13, PC:     0x1a, rax:       11, rcx:       11, rdx:        0, rbx:        0, rsp:     3998, sbp:        0, rsi:        0, rdi:        0, rio:      114,  interrupt: IOState.Unlock, buffer:        0, p : False, z: False
  DEBUG    root:Datapath.py:84  tick:    80, AC:      108, AR:        8, DR:      108, PC:     0x1b, rax:       11, rcx:       11, rdx:        0, rbx:        0, rsp:     3998, sbp:        0, rsi:        0, rdi:        0, rio:      108,  interrupt: IOState.Unlock, buffer:        0, p :  True, z: False
  DEBUG    root:Components.py:244 Out: l
  DEBUG    root:Datapath.py:84  tick:    81, AC:      108, AR:        8, DR:      108, PC:     0x1c, rax:       11, rcx:       11, rdx:        0, rbx:        0, rsp:     3998, sbp:        0, rsi:        0, rdi:        0, rio:      108,  interrupt: IOState.Unlock, buffer:        0, p :  True, z: False
  DEBUG    root:Datapath.py:84  tick:    83, AC:       12, AR:        1, DR:      108, PC:     0x1d, rax:       12, rcx:       12, rdx:        0, rbx:        0, rsp:     3998, sbp:        0, rsi:        0, rdi:        0, rio:      108,  interrupt: IOState.Unlock, buffer:        0, p :  True, z: False
  DEBUG    root:Datapath.py:84  tick:    84, AC:       12, AR:        1, DR:       25, PC:     0x18, rax:       12, rcx:       12, rdx:        0, rbx:        0, rsp:     3998, sbp:        0, rsi:        0, rdi:        0, rio:      108,  interrupt: IOState.Unlock, buffer:        0, p :  True, z: False
  DEBUG    root:Datapath.py:84  tick:    85, AC:       -1, AR:       12, DR:       13, PC:     0x19, rax:       12, rcx:       12, rdx:        0, rbx:        0, rsp:     3998, sbp:        0, rsi:        0, rdi:        0, rio:      108,  interrupt: IOState.Unlock, buffer:        0, p : False, z: False
  DEBUG    root:Datapath.py:84  tick:    86, AC:       -1, AR:       12, DR:       13, PC:     0x1a, rax:       12, rcx:       12, rdx:        0, rbx:        0, rsp:     3998, sbp:        0, rsi:        0, rdi:        0, rio:      108,  interrupt: IOState.Unlock, buffer:        0, p : False, z: False
  DEBUG    root:Datapath.py:84  tick:    87, AC:      100, AR:        8, DR:      100, PC:     0x1b, rax:       12, rcx:       12, rdx:        0, rbx:        0, rsp:     3998, sbp:        0, rsi:        0, rdi:        0, rio:      100,  interrupt: IOState.Unlock, buffer:        0, p :  True, z: False
  DEBUG    root:Components.py:244 Out: d
  DEBUG    root:Datapath.py:84  tick:    88, AC:      100, AR:        8, DR:      100, PC:     0x1c, rax:       12, rcx:       12, rdx:        0, rbx:        0, rsp:     3998, sbp:        0, rsi:        0, rdi:        0, rio:      100,  interrupt: IOState.Unlock, buffer:        0, p :  True, z: False
  DEBUG    root:Datapath.py:84  tick:    90, AC:       13, AR:        1, DR:      100, PC:     0x1d, rax:       13, rcx:       13, rdx:        0, rbx:        0, rsp:     3998, sbp:        0, rsi:        0, rdi:        0, rio:      100,  interrupt: IOState.Unlock, buffer:        0, p :  True, z: False
  DEBUG    root:Datapath.py:84  tick:    91, AC:       13, AR:        1, DR:       25, PC:     0x18, rax:       13, rcx:       13, rdx:        0, rbx:        0, rsp:     3998, sbp:        0, rsi:        0, rdi:        0, rio:      100,  interrupt: IOState.Unlock, buffer:        0, p :  True, z: False
  DEBUG    root:Datapath.py:84  tick:    92, AC:        0, AR:       13, DR:       13, PC:     0x19, rax:       13, rcx:       13, rdx:        0, rbx:        0, rsp:     3998, sbp:        0, rsi:        0, rdi:        0, rio:      100,  interrupt: IOState.Unlock, buffer:        0, p : False, z:  True
  DEBUG    root:Datapath.py:84  tick:    93, AC:        0, AR:       13, DR:       31, PC:     0x1e, rax:       13, rcx:       13, rdx:        0, rbx:        0, rsp:     3998, sbp:        0, rsi:        0, rdi:        0, rio:      100,  interrupt: IOState.Unlock, buffer:        0, p : False, z:  True
  DEBUG    root:Datapath.py:84  tick:    96, AC:     3999, AR:        4, DR:        0, PC:     0x1f, rax:       13, rcx:        0, rdx:        0, rbx:        0, rsp:     3999, sbp:        0, rsi:        0, rdi:        0, rio:      100,  interrupt: IOState.Unlock, buffer:        0, p :  True, z: False
  DEBUG    root:Datapath.py:84  tick:    99, AC:     4000, AR:        4, DR:        0, PC:     0x20, rax:        0, rcx:        0, rdx:        0, rbx:        0, rsp:     4000, sbp:        0, rsi:        0, rdi:        0, rio:      100,  interrupt: IOState.Unlock, buffer:        0, p :  True, z: False
  DEBUG    root:Datapath.py:84  tick:   100, AC:     4000, AR:        4, DR:        0, PC:     0x21, rax:        0, rcx:        0, rdx:        0, rbx:        0, rsp:     4000, sbp:        0, rsi:        0, rdi:        0, rio:      100,  interrupt: IOState.Lock, buffer:        0, p :  True, z: False
